// Jest Snapshot v1, https://goo.gl/fbAQLP

exports[`Administrator resolver createAdministrator 1`] = `
Object {
  "emailAddress": "test@test.com",
  "firstName": "First",
  "id": "T_2",
  "lastName": "Last",
  "user": Object {
    "id": "T_3",
    "identifier": "test@test.com",
    "lastLogin": null,
    "roles": Array [
      Object {
        "code": "__super_admin_role__",
        "description": "SuperAdmin",
        "id": "T_1",
        "permissions": Array [
          "Authenticated",
          "SuperAdmin",
          "UpdateGlobalSettings",
          "CreateCatalog",
          "ReadCatalog",
          "UpdateCatalog",
          "DeleteCatalog",
          "CreateSettings",
          "ReadSettings",
          "UpdateSettings",
          "DeleteSettings",
          "CreateAdministrator",
          "ReadAdministrator",
          "UpdateAdministrator",
          "DeleteAdministrator",
          "CreateAsset",
          "ReadAsset",
          "UpdateAsset",
          "DeleteAsset",
          "CreateChannel",
          "ReadChannel",
          "UpdateChannel",
          "DeleteChannel",
          "CreateCollection",
          "ReadCollection",
          "UpdateCollection",
          "DeleteCollection",
          "CreateCountry",
          "ReadCountry",
          "UpdateCountry",
          "DeleteCountry",
          "CreateCustomer",
          "ReadCustomer",
          "UpdateCustomer",
          "DeleteCustomer",
          "CreateCustomerGroup",
          "ReadCustomerGroup",
          "UpdateCustomerGroup",
          "DeleteCustomerGroup",
          "CreateFacet",
          "ReadFacet",
          "UpdateFacet",
          "DeleteFacet",
          "CreateOrder",
          "ReadOrder",
          "UpdateOrder",
          "DeleteOrder",
          "CreatePaymentMethod",
          "ReadPaymentMethod",
          "UpdatePaymentMethod",
          "DeletePaymentMethod",
          "CreateProduct",
          "ReadProduct",
          "UpdateProduct",
          "DeleteProduct",
          "CreatePromotion",
          "ReadPromotion",
          "UpdatePromotion",
          "DeletePromotion",
          "CreateShippingMethod",
          "ReadShippingMethod",
          "UpdateShippingMethod",
          "DeleteShippingMethod",
          "CreateTag",
          "ReadTag",
          "UpdateTag",
          "DeleteTag",
          "CreateTaxCategory",
          "ReadTaxCategory",
          "UpdateTaxCategory",
          "DeleteTaxCategory",
          "CreateTaxRate",
          "ReadTaxRate",
          "UpdateTaxRate",
          "DeleteTaxRate",
          "CreateSystem",
          "ReadSystem",
          "UpdateSystem",
          "DeleteSystem",
          "CreateZone",
          "ReadZone",
          "UpdateZone",
          "DeleteZone",
        ],
      },
    ],
  },
}
`;

exports[`Administrator resolver updateAdministrator 1`] = `
Object {
  "emailAddress": "new-email",
  "firstName": "new first",
  "id": "T_2",
  "lastName": "new last",
  "user": Object {
    "id": "T_3",
    "identifier": "new-email",
    "lastLogin": null,
    "roles": Array [
      Object {
        "code": "__customer_role__",
        "description": "Customer",
        "id": "T_2",
        "permissions": Array [
          "Authenticated",
        ],
      },
    ],
  },
}
`;
