// Jest Snapshot v1, https://goo.gl/fbAQLP

exports[`Import resolver imports products 1`] = `
Object {
  "assets": Array [
    Object {
      "id": "T_1",
      "name": "pps1.jpg",
      "preview": "test-url/test-assets/pps1__preview.jpg",
      "source": "test-url/test-assets/pps1.jpg",
    },
    Object {
      "id": "T_2",
      "name": "pps2.jpg",
      "preview": "test-url/test-assets/pps2__preview.jpg",
      "source": "test-url/test-assets/pps2.jpg",
    },
  ],
  "customFields": Object {
    "owner": Object {
      "id": "T_1",
    },
    "pageType": "default",
  },
  "description": "A great device for stretching paper.",
  "featuredAsset": Object {
    "id": "T_1",
    "name": "pps1.jpg",
    "preview": "test-url/test-assets/pps1__preview.jpg",
    "source": "test-url/test-assets/pps1.jpg",
  },
  "id": "T_1",
  "name": "Perfect Paper Stretcher",
  "optionGroups": Array [
    Object {
      "code": "perfect-paper-stretcher-size",
      "id": "T_1",
      "name": "size",
    },
  ],
  "slug": "perfect-paper-stretcher",
  "variants": Array [
    Object {
      "assets": Array [],
      "customFields": Object {
        "weight": 100,
      },
      "featuredAsset": null,
      "id": "T_1",
      "name": "Perfect Paper Stretcher Half Imperial",
      "price": 4530,
      "sku": "PPS12",
      "stockMovements": Object {
        "items": Array [],
      },
      "stockOnHand": 0,
      "taxCategory": Object {
        "id": "T_1",
        "name": "Standard Tax",
      },
      "trackInventory": "FALSE",
    },
    Object {
      "assets": Array [],
      "customFields": Object {
        "weight": 100,
      },
      "featuredAsset": null,
      "id": "T_2",
      "name": "Perfect Paper Stretcher Quarter Imperial",
      "price": 3250,
      "sku": "PPS14",
      "stockMovements": Object {
        "items": Array [],
      },
      "stockOnHand": 0,
      "taxCategory": Object {
        "id": "T_1",
        "name": "Standard Tax",
      },
      "trackInventory": "FALSE",
    },
    Object {
      "assets": Array [],
      "customFields": Object {
        "weight": 100,
      },
      "featuredAsset": null,
      "id": "T_3",
      "name": "Perfect Paper Stretcher Full Imperial",
      "price": 5950,
      "sku": "PPSF",
      "stockMovements": Object {
        "items": Array [
          Object {
            "id": "T_1",
            "quantity": -10,
            "type": "ADJUSTMENT",
          },
        ],
      },
      "stockOnHand": -10,
      "taxCategory": Object {
        "id": "T_1",
        "name": "Standard Tax",
      },
      "trackInventory": "FALSE",
    },
  ],
}
`;

exports[`Import resolver imports products 2`] = `
Object {
  "assets": Array [],
  "customFields": Object {
    "owner": Object {
      "id": "T_1",
    },
    "pageType": "expanded",
  },
  "description": "Mabef description",
  "featuredAsset": null,
  "id": "T_2",
  "name": "Mabef M/02 Studio Easel",
  "optionGroups": Array [],
  "slug": "mabef-m02-studio-easel",
  "variants": Array [
    Object {
      "assets": Array [],
      "customFields": Object {
        "weight": 300,
      },
      "featuredAsset": null,
      "id": "T_4",
      "name": "Mabef M/02 Studio Easel",
      "price": 91070,
      "sku": "M02",
      "stockMovements": Object {
        "items": Array [
          Object {
            "id": "T_2",
            "quantity": 100,
            "type": "ADJUSTMENT",
          },
        ],
      },
      "stockOnHand": 100,
      "taxCategory": Object {
        "id": "T_1",
        "name": "Standard Tax",
      },
      "trackInventory": "FALSE",
    },
  ],
}
`;

exports[`Import resolver imports products 3`] = `
Object {
  "assets": Array [],
  "customFields": Object {
    "owner": Object {
      "id": "T_1",
    },
    "pageType": "default",
  },
  "description": "Really mega pencils",
  "featuredAsset": null,
  "id": "T_3",
  "name": "Giotto Mega Pencils",
  "optionGroups": Array [
    Object {
      "code": "giotto-mega-pencils-box-size",
      "id": "T_2",
      "name": "box size",
    },
  ],
  "slug": "giotto-mega-pencils",
  "variants": Array [
    Object {
      "assets": Array [
        Object {
          "id": "T_3",
          "name": "box-of-8.jpg",
          "preview": "test-url/test-assets/box-of-8__preview.jpg",
          "source": "test-url/test-assets/box-of-8.jpg",
        },
      ],
      "customFields": Object {
        "weight": 200,
      },
      "featuredAsset": Object {
        "id": "T_3",
        "name": "box-of-8.jpg",
        "preview": "test-url/test-assets/box-of-8__preview.jpg",
        "source": "test-url/test-assets/box-of-8.jpg",
      },
      "id": "T_5",
      "name": "Giotto Mega Pencils Box of 8",
      "price": 416,
      "sku": "225400",
      "stockMovements": Object {
        "items": Array [],
      },
      "stockOnHand": 0,
      "taxCategory": Object {
        "id": "T_1",
        "name": "Standard Tax",
      },
      "trackInventory": "FALSE",
    },
    Object {
      "assets": Array [
        Object {
          "id": "T_4",
          "name": "box-of-12.jpg",
          "preview": "test-url/test-assets/box-of-12__preview.jpg",
          "source": "test-url/test-assets/box-of-12.jpg",
        },
      ],
      "customFields": Object {
        "weight": 200,
      },
      "featuredAsset": Object {
        "id": "T_4",
        "name": "box-of-12.jpg",
        "preview": "test-url/test-assets/box-of-12__preview.jpg",
        "source": "test-url/test-assets/box-of-12.jpg",
      },
      "id": "T_6",
      "name": "Giotto Mega Pencils Box of 12",
      "price": 624,
      "sku": "225600",
      "stockMovements": Object {
        "items": Array [],
      },
      "stockOnHand": 0,
      "taxCategory": Object {
        "id": "T_1",
        "name": "Standard Tax",
      },
      "trackInventory": "FALSE",
    },
  ],
}
`;

exports[`Import resolver imports products 4`] = `
Object {
  "assets": Array [],
  "customFields": Object {
    "owner": Object {
      "id": "T_1",
    },
    "pageType": "default",
  },
  "description": "Keeps the paint off the clothes",
  "featuredAsset": null,
  "id": "T_4",
  "name": "Artists Smock",
  "optionGroups": Array [
    Object {
      "code": "artists-smock-size",
      "id": "T_3",
      "name": "size",
    },
    Object {
      "code": "artists-smock-colour",
      "id": "T_4",
      "name": "colour",
    },
  ],
  "slug": "artists-smock",
  "variants": Array [
    Object {
      "assets": Array [],
      "customFields": Object {
        "weight": 500,
      },
      "featuredAsset": null,
      "id": "T_7",
      "name": "Artists Smock small beige",
      "price": 1199,
      "sku": "10112",
      "stockMovements": Object {
        "items": Array [],
      },
      "stockOnHand": 0,
      "taxCategory": Object {
        "id": "T_2",
        "name": "Reduced Tax",
      },
      "trackInventory": "FALSE",
    },
    Object {
      "assets": Array [],
      "customFields": Object {
        "weight": 500,
      },
      "featuredAsset": null,
      "id": "T_8",
      "name": "Artists Smock large beige",
      "price": 1199,
      "sku": "10113",
      "stockMovements": Object {
        "items": Array [],
      },
      "stockOnHand": 0,
      "taxCategory": Object {
        "id": "T_2",
        "name": "Reduced Tax",
      },
      "trackInventory": "FALSE",
    },
    Object {
      "assets": Array [],
      "customFields": Object {
        "weight": 500,
      },
      "featuredAsset": null,
      "id": "T_9",
      "name": "Artists Smock small navy",
      "price": 1199,
      "sku": "10114",
      "stockMovements": Object {
        "items": Array [],
      },
      "stockOnHand": 0,
      "taxCategory": Object {
        "id": "T_2",
        "name": "Reduced Tax",
      },
      "trackInventory": "FALSE",
    },
    Object {
      "assets": Array [],
      "customFields": Object {
        "weight": 500,
      },
      "featuredAsset": null,
      "id": "T_10",
      "name": "Artists Smock large navy",
      "price": 1199,
      "sku": "10115",
      "stockMovements": Object {
        "items": Array [],
      },
      "stockOnHand": 0,
      "taxCategory": Object {
        "id": "T_2",
        "name": "Reduced Tax",
      },
      "trackInventory": "FALSE",
    },
  ],
}
`;
